// Jest Snapshot v1, https://goo.gl/fbAQLP

exports[`Heading renders snapshot 1`] = `
<div
  className="hero-body"
>
  <div
    className="container has-text-centered"
  >
    <div
      className="columns"
    >
      <div
        className="column is-narrow"
      >
        <a
          href="https://slack.com/oauth/authorize?scope=identity.basic&client_id=695399984727.687207103297&redirect_uri=http://localhost:4000/auth/slack"
        >
          <img
            alt="Sign in with Slack"
            height="40"
            src="https://platform.slack-edge.com/img/sign_in_with_slack.png"
            srcSet="https://platform.slack-edge.com/img/sign_in_with_slack.png 1x, https://platform.slack-edge.com/img/sign_in_with_slack@2x.png 2x"
            width="172"
          />
        </a>
      </div>
    </div>
  </div>
</div>
`;
